#
# There is insufficient memory for the Java Runtime Environment to continue.
# Native memory allocation (malloc) failed to allocate 1048576 bytes. Error detail: AllocateHeap
# Possible reasons:
#   The system is out of physical RAM or swap space
#   This process is running with CompressedOops enabled, and the Java Heap may be blocking the growth of the native heap
# Possible solutions:
#   Reduce memory load on the system
#   Increase physical memory or swap space
#   Check if swap backing store is full
#   Decrease Java heap size (-Xmx/-Xms)
#   Decrease number of Java threads
#   Decrease Java thread stack sizes (-Xss)
#   Set larger code cache with -XX:ReservedCodeCacheSize=
#   JVM is running with Unscaled Compressed Oops mode in which the Java heap is
#     placed in the first 4GB address space. The Java Heap base address is the
#     maximum limit for the native heap growth. Please use -XX:HeapBaseMinAddress
#     to set the Java Heap base and to place the Java Heap above 4GB virtual address.
# This output file may be truncated or incomplete.
#
#  Out of Memory Error (allocation.cpp:44), pid=23444, tid=22420
#
# JRE version: OpenJDK Runtime Environment Temurin-21.0.10+7 (21.0.10+7) (build 21.0.10+7-LTS)
# Java VM: OpenJDK 64-Bit Server VM Temurin-21.0.10+7 (21.0.10+7-LTS, mixed mode, sharing, tiered, compressed oops, compressed class ptrs, parallel gc, windows-amd64)
# No core dump will be written. Minidumps are not enabled by default on client versions of Windows
#

---------------  S U M M A R Y ------------

Command Line: --add-modules=ALL-SYSTEM --add-opens=java.base/java.util=ALL-UNNAMED --add-opens=java.base/java.lang=ALL-UNNAMED --add-opens=java.base/sun.nio.fs=ALL-UNNAMED -Declipse.application=org.eclipse.jdt.ls.core.id1 -Dosgi.bundles.defaultStartLevel=4 -Declipse.product=org.eclipse.jdt.ls.core.product -Djava.import.generatesMetadataFilesAtProjectRoot=false -DDetectVMInstallationsJob.disabled=true -Dfile.encoding=utf8 -XX:+UseParallelGC -XX:GCTimeRatio=4 -XX:AdaptiveSizePolicyWeight=90 -Dsun.zip.disableMemoryMapping=true -Xmx2G -Xms100m -Xlog:disable -javaagent:c:\Users\Admin\.vscode\extensions\redhat.java-1.54.0-win32-x64\lombok\lombok-1.18.39-4050.jar -XX:+HeapDumpOnOutOfMemoryError -XX:HeapDumpPath=c:\Users\Admin\AppData\Roaming\Code\User\workspaceStorage\b202cd9a6e2847ec7613006ad445faa7\redhat.java -Daether.dependencyCollector.impl=bf c:\Users\Admin\.vscode\extensions\redhat.java-1.54.0-win32-x64\server\plugins\org.eclipse.equinox.launcher_1.7.100.v20251111-0406.jar -configuration c:\Users\Admin\AppData\Roaming\Code\User\globalStorage\redhat.java\1.54.0\config_win -data c:\Users\Admin\AppData\Roaming\Code\User\workspaceStorage\b202cd9a6e2847ec7613006ad445faa7\redhat.java\jdt_ws --pipe=\\.\pipe\lsp-bd567446507cecc1eeaae0e1c4950a98-sock

Host: Intel(R) Core(TM) i5-9400H CPU @ 2.50GHz, 8 cores, 15G,  Windows 10 , 64 bit Build 19041 (10.0.19041.928)
Time: Sat May 16 19:23:53 2026 SE Asia Standard Time elapsed time: 1984.643024 seconds (0d 0h 33m 4s)

---------------  T H R E A D  ---------------

Current thread (0x00000277767ab1b0):  JavaThread "Attach Listener" daemon [_thread_in_vm, id=22420, stack(0x000000c61b800000,0x000000c61b900000) (1024K)]

Stack: [0x000000c61b800000,0x000000c61b900000]
Native frames: (J=compiled Java code, j=interpreted, Vv=VM code, C=native code)
V  [jvm.dll+0x6d7a39]
V  [jvm.dll+0x8b4b26]
V  [jvm.dll+0x8b70de]
V  [jvm.dll+0x8b77c3]
V  [jvm.dll+0x284346]
V  [jvm.dll+0xc1277]
V  [jvm.dll+0x6d82e9]
V  [jvm.dll+0x1334a6]
V  [jvm.dll+0x3f857e]
V  [jvm.dll+0x85f59d]
V  [jvm.dll+0x6d626d]
C  [ucrtbase.dll+0x21bb2]
C  [KERNEL32.DLL+0x17034]
C  [ntdll.dll+0x52651]


---------------  P R O C E S S  ---------------

Threads class SMR info:
_java_thread_list=0x00000277431684e0, length=35, elements={
0x000002775fd39700, 0x00000277767a5850, 0x00000277767a6920, 0x00000277767aa010,
0x00000277767ab1b0, 0x00000277767adf90, 0x00000277767b0b00, 0x00000277767b5250,
0x00000277767b5da0, 0x0000027778255250, 0x00000277783a9350, 0x000002777d14ea60,
0x000002777d0e99f0, 0x000002777d67b360, 0x000002777d67c710, 0x000002777d67a640,
0x000002777d67d430, 0x000002777d67b9f0, 0x000002777d67dac0, 0x000002777e60e620,
0x000002777e6134e0, 0x000002777e60ecb0, 0x000002777e60f340, 0x000002777e610d80,
0x000002777e614200, 0x000002777e613b70, 0x000002777e611410, 0x000002777e6127c0,
0x000002777e611aa0, 0x000002777e60d900, 0x000002777dadb410, 0x000002777dada6f0,
0x000002777e030000, 0x000002777e032df0, 0x000002777e030690
}

Java Threads: ( => current thread )
  0x000002775fd39700 JavaThread "main"                              [_thread_blocked, id=9792, stack(0x000000c61b100000,0x000000c61b200000) (1024K)]
  0x00000277767a5850 JavaThread "Reference Handler"          daemon [_thread_blocked, id=5932, stack(0x000000c61b500000,0x000000c61b600000) (1024K)]
  0x00000277767a6920 JavaThread "Finalizer"                  daemon [_thread_blocked, id=19168, stack(0x000000c61b600000,0x000000c61b700000) (1024K)]
  0x00000277767aa010 JavaThread "Signal Dispatcher"          daemon [_thread_blocked, id=22108, stack(0x000000c61b700000,0x000000c61b800000) (1024K)]
=>0x00000277767ab1b0 JavaThread "Attach Listener"            daemon [_thread_in_vm, id=22420, stack(0x000000c61b800000,0x000000c61b900000) (1024K)]
  0x00000277767adf90 JavaThread "Service Thread"             daemon [_thread_blocked, id=26956, stack(0x000000c61b900000,0x000000c61ba00000) (1024K)]
  0x00000277767b0b00 JavaThread "Monitor Deflation Thread"   daemon [_thread_blocked, id=16388, stack(0x000000c61ba00000,0x000000c61bb00000) (1024K)]
  0x00000277767b5250 JavaThread "C2 CompilerThread0"         daemon [_thread_blocked, id=44800, stack(0x000000c61bb00000,0x000000c61bc00000) (1024K)]
  0x00000277767b5da0 JavaThread "C1 CompilerThread0"         daemon [_thread_blocked, id=20600, stack(0x000000c61bc00000,0x000000c61bd00000) (1024K)]
  0x0000027778255250 JavaThread "Common-Cleaner"             daemon [_thread_blocked, id=30484, stack(0x000000c61bd00000,0x000000c61be00000) (1024K)]
  0x00000277783a9350 JavaThread "Notification Thread"        daemon [_thread_blocked, id=18292, stack(0x000000c61bf00000,0x000000c61c000000) (1024K)]
  0x000002777d14ea60 JavaThread "Bundle File Closer"         daemon [_thread_blocked, id=20540, stack(0x000000c61ce00000,0x000000c61cf00000) (1024K)]
  0x000002777d0e99f0 JavaThread "Active Thread: Equinox Container: 4690f2a1-4cb1-42d4-9e40-0e943f8f7780"        [_thread_blocked, id=28508, stack(0x000000c61cf00000,0x000000c61d000000) (1024K)]
  0x000002777d67b360 JavaThread "Refresh Thread: Equinox Container: 4690f2a1-4cb1-42d4-9e40-0e943f8f7780" daemon [_thread_blocked, id=25696, stack(0x000000c61d000000,0x000000c61d100000) (1024K)]
  0x000002777d67c710 JavaThread "Framework Event Dispatcher: Equinox Container: 4690f2a1-4cb1-42d4-9e40-0e943f8f7780" daemon [_thread_blocked, id=34612, stack(0x000000c61d300000,0x000000c61d400000) (1024K)]
  0x000002777d67a640 JavaThread "Start Level: Equinox Container: 4690f2a1-4cb1-42d4-9e40-0e943f8f7780" daemon [_thread_blocked, id=43920, stack(0x000000c61d400000,0x000000c61d500000) (1024K)]
  0x000002777d67d430 JavaThread "SCR Component Actor"        daemon [_thread_blocked, id=26608, stack(0x000000c61c000000,0x000000c61c100000) (1024K)]
  0x000002777d67b9f0 JavaThread "Worker-JM"                         [_thread_blocked, id=23184, stack(0x000000c61d600000,0x000000c61d700000) (1024K)]
  0x000002777d67dac0 JavaThread "JNA Cleaner"                daemon [_thread_blocked, id=14156, stack(0x000000c61d700000,0x000000c61d800000) (1024K)]
  0x000002777e60e620 JavaThread "Java indexing"              daemon [_thread_blocked, id=25764, stack(0x000000c61da00000,0x000000c61db00000) (1024K)]
  0x000002777e6134e0 JavaThread "Thread-1"                   daemon [_thread_in_native, id=9496, stack(0x000000c61dd00000,0x000000c61de00000) (1024K)]
  0x000002777e60ecb0 JavaThread "Thread-2"                   daemon [_thread_in_native, id=35504, stack(0x000000c61de00000,0x000000c61df00000) (1024K)]
  0x000002777e60f340 JavaThread "Thread-3"                   daemon [_thread_in_native, id=22144, stack(0x000000c61df00000,0x000000c61e000000) (1024K)]
  0x000002777e610d80 JavaThread "Thread-4"                   daemon [_thread_in_native, id=9536, stack(0x000000c61e000000,0x000000c61e100000) (1024K)]
  0x000002777e614200 JavaThread "Thread-5"                   daemon [_thread_in_native, id=7380, stack(0x000000c61e100000,0x000000c61e200000) (1024K)]
  0x000002777e613b70 JavaThread "Thread-6"                   daemon [_thread_in_native, id=26392, stack(0x000000c61e200000,0x000000c61e300000) (1024K)]
  0x000002777e611410 JavaThread "Thread-7"                   daemon [_thread_in_native, id=43164, stack(0x000000c61e300000,0x000000c61e400000) (1024K)]
  0x000002777e6127c0 JavaThread "Thread-8"                   daemon [_thread_in_native, id=23524, stack(0x000000c61e400000,0x000000c61e500000) (1024K)]
  0x000002777e611aa0 JavaThread "Thread-9"                   daemon [_thread_in_native, id=12992, stack(0x000000c61e500000,0x000000c61e600000) (1024K)]
  0x000002777e60d900 JavaThread "pool-2-thread-1"                   [_thread_blocked, id=24016, stack(0x000000c61e600000,0x000000c61e700000) (1024K)]
  0x000002777dadb410 JavaThread "WorkspaceEventsHandler"            [_thread_blocked, id=43500, stack(0x000000c61ef00000,0x000000c61f000000) (1024K)]
  0x000002777dada6f0 JavaThread "pool-1-thread-1"                   [_thread_blocked, id=35936, stack(0x000000c61f000000,0x000000c61f100000) (1024K)]
  0x000002777e030000 JavaThread "Cleaner-0"                  daemon [_thread_blocked, id=22396, stack(0x000000c61d200000,0x000000c61d300000) (1024K)]
  0x000002777e032df0 JavaThread "Worker-7"                          [_thread_blocked, id=33500, stack(0x000000c61d900000,0x000000c61da00000) (1024K)]
  0x000002777e030690 JavaThread "Worker-11"                         [_thread_blocked, id=37760, stack(0x000000c61b000000,0x000000c61b100000) (1024K)]
Total: 35

Other Threads:
  0x000002775fe0e9f0 VMThread "VM Thread"                           [id=25352, stack(0x000000c61b400000,0x000000c61b500000) (1024K)]
  0x000002775fdff250 WatcherThread "VM Periodic Task Thread"        [id=26520, stack(0x000000c61b300000,0x000000c61b400000) (1024K)]
  0x000002775fd58720 WorkerThread "GC Thread#0"                     [id=18700, stack(0x000000c61b200000,0x000000c61b300000) (1024K)]
  0x000002777d02f680 WorkerThread "GC Thread#1"                     [id=12676, stack(0x000000c61c100000,0x000000c61c200000) (1024K)]
  0x000002777d02fa30 WorkerThread "GC Thread#2"                     [id=30960, stack(0x000000c61c200000,0x000000c61c300000) (1024K)]
  0x00000277788849e0 WorkerThread "GC Thread#3"                     [id=12776, stack(0x000000c61c300000,0x000000c61c400000) (1024K)]
  0x0000027778884d90 WorkerThread "GC Thread#4"                     [id=31652, stack(0x000000c61c400000,0x000000c61c500000) (1024K)]
  0x0000027778885140 WorkerThread "GC Thread#5"                     [id=21904, stack(0x000000c61c500000,0x000000c61c600000) (1024K)]
  0x00000277788854f0 WorkerThread "GC Thread#6"                     [id=2372, stack(0x000000c61c600000,0x000000c61c700000) (1024K)]
  0x00000277784f71a0 WorkerThread "GC Thread#7"                     [id=27300, stack(0x000000c61cd00000,0x000000c61ce00000) (1024K)]
Total: 10

Threads with active compile tasks:
Total: 0

VM state: not at safepoint (normal execution)

VM Mutex/Monitor currently owned by a thread: None

Heap address: 0x0000000080000000, size: 2048 MB, Compressed Oops mode: 32-bit

CDS archive(s) mapped at: [0x0000027700000000-0x0000027700ba0000-0x0000027700ba0000), size 12189696, SharedBaseAddress: 0x0000027700000000, ArchiveRelocationMode: 1.
Compressed class space mapped at: 0x0000027701000000-0x0000027741000000, reserved size: 1073741824
Narrow klass base: 0x0000027700000000, Narrow klass shift: 0, Narrow klass range: 0x100000000

GC Precious Log:
 CardTable entry size: 512
 CPUs: 8 total, 8 available
 Memory: 16166M
 Large Page Support: Disabled
 NUMA Support: Disabled
 Compressed Oops: Enabled (32-bit)
 Alignments: Space 512K, Generation 512K, Heap 2M
 Heap Min Capacity: 100M
 Heap Initial Capacity: 100M
 Heap Max Capacity: 2G
 Pre-touch: Disabled
 Parallel Workers: 8

Heap:
 PSYoungGen      total 4608K, used 3788K [0x00000000d5580000, 0x00000000d5c00000, 0x0000000100000000)
  eden space 4096K, 85% used [0x00000000d5580000,0x00000000d58eb370,0x00000000d5980000)
  from space 512K, 56% used [0x00000000d5b00000,0x00000000d5b48020,0x00000000d5b80000)
  to   space 512K, 0% used [0x00000000d5b80000,0x00000000d5b80000,0x00000000d5c00000)
 ParOldGen       total 561152K, used 392829K [0x0000000080000000, 0x00000000a2400000, 0x00000000d5580000)
  object space 561152K, 70% used [0x0000000080000000,0x0000000097f9f6e0,0x00000000a2400000)
 Metaspace       used 82262K, committed 84032K, reserved 1179648K
  class space    used 8427K, committed 9216K, reserved 1048576K

Card table byte_map: [0x000002775f720000,0x000002775fb30000] _byte_map_base: 0x000002775f320000

Marking Bits: (ParMarkBitMap*) 0x00007ff8c9283450
 Begin Bits: [0x0000027772200000, 0x0000027774200000)
 End Bits:   [0x0000027774200000, 0x0000027776200000)

Polling page: 0x000002775f510000

Metaspace:

Usage:
  Non-class:     72.10 MB used.
      Class:      8.23 MB used.
       Both:     80.33 MB used.

Virtual space:
  Non-class space:      128.00 MB reserved,      73.06 MB ( 57%) committed,  2 nodes.
      Class space:        1.00 GB reserved,       9.00 MB ( <1%) committed,  1 nodes.
             Both:        1.12 GB reserved,      82.06 MB (  7%) committed. 

Chunk freelists:
   Non-Class:  6.79 MB
       Class:  6.88 MB
        Both:  13.67 MB

MaxMetaspaceSize: unlimited
CompressedClassSpaceSize: 1.00 GB
Initial GC threshold: 21.00 MB
Current GC threshold: 126.19 MB
CDS: on
 - commit_granule_bytes: 65536.
 - commit_granule_words: 8192.
 - virtual_space_node_default_size: 8388608.
 - enlarge_chunks_in_place: 1.
 - use_allocation_guard: 0.


Internal statistics:

num_allocs_failed_limit: 9.
num_arena_births: 1642.
num_arena_deaths: 22.
num_vsnodes_births: 3.
num_vsnodes_deaths: 0.
num_space_committed: 1313.
num_space_uncommitted: 0.
num_chunks_returned_to_freelist: 35.
num_chunks_taken_from_freelist: 5458.
num_chunk_merges: 15.
num_chunk_splits: 3348.
num_chunks_enlarged: 1945.
num_inconsistent_stats: 0.

CodeHeap 'non-profiled nmethods': size=120000Kb used=19518Kb max_used=19518Kb free=100481Kb
 bounds [0x000002776aa20000, 0x000002776bd30000, 0x0000027771f50000]
CodeHeap 'profiled nmethods': size=120000Kb used=46723Kb max_used=46723Kb free=73277Kb
 bounds [0x0000027762f50000, 0x0000027765d00000, 0x000002776a480000]
CodeHeap 'non-nmethods': size=5760Kb used=1516Kb max_used=1704Kb free=4243Kb
 bounds [0x000002776a480000, 0x000002776a6f0000, 0x000002776aa20000]
CodeCache: size=245760Kb, used=67757Kb, max_used=67945Kb, free=178001Kb
 total_blobs=19425, nmethods=18585, adapters=743, full_count=0
Compilation: enabled, stopped_count=0, restarted_count=0

Compilation events (20 events):
Event: 1980.117 Thread 0x00000277767b5da0 nmethod 20475 0x0000027765ceec10 code [0x0000027765ceedc0, 0x0000027765ceef68]
Event: 1980.117 Thread 0x00000277767b5da0 20476       3       com.google.inject.internal.ConstructorInjector$1::call (16 bytes)
Event: 1980.117 Thread 0x00000277767b5da0 nmethod 20476 0x0000027765cef010 code [0x0000027765cef1c0, 0x0000027765cef368]
Event: 1980.117 Thread 0x00000277767b5da0 20477       3       com.google.inject.internal.ConstructorInjector::access$000 (7 bytes)
Event: 1980.117 Thread 0x00000277767b5da0 nmethod 20477 0x0000027765cef490 code [0x0000027765cef640, 0x0000027765cef760]
Event: 1980.117 Thread 0x00000277767b5da0 20478   !   3       com.google.inject.internal.ConstructorInjector::provision (123 bytes)
Event: 1980.118 Thread 0x00000277767b5da0 nmethod 20478 0x0000027765cef810 code [0x0000027765cefaa0, 0x0000027765cf0448]
Event: 1980.118 Thread 0x00000277767b5da0 20480       1       org.apache.maven.shared.filtering.MavenResourcesExecution::getEncoding (5 bytes)
Event: 1980.119 Thread 0x00000277767b5da0 nmethod 20480 0x000002776bd2d310 code [0x000002776bd2d4a0, 0x000002776bd2d568]
Event: 1980.122 Thread 0x00000277767b5da0 20481       1       org.apache.maven.execution.DefaultMavenExecutionRequest::isUpdateSnapshots (5 bytes)
Event: 1980.122 Thread 0x00000277767b5da0 nmethod 20481 0x000002776bd2d610 code [0x000002776bd2d7a0, 0x000002776bd2d870]
Event: 1980.129 Thread 0x00000277767b5250 nmethod 20470 0x000002776bd2d910 code [0x000002776bd2db20, 0x000002776bd2e478]
Event: 1980.129 Thread 0x00000277767b5250 20483   !   4       java.util.AbstractSet::equals (45 bytes)
Event: 1980.132 Thread 0x00000277767b5250 nmethod 20483 0x000002776bd2ea90 code [0x000002776bd2ec60, 0x000002776bd2ef60]
Event: 1980.132 Thread 0x00000277767b5250 20482       4       com.google.inject.internal.InternalContext::close (38 bytes)
Event: 1980.133 Thread 0x00000277767b5250 nmethod 20482 0x000002776bd2f110 code [0x000002776bd2f2a0, 0x000002776bd2f390]
Event: 1980.133 Thread 0x00000277767b5250 20485       4       org.eclipse.core.internal.localstore.UnifiedTree::isLevelMarker (11 bytes)
Event: 1980.133 Thread 0x00000277767b5250 nmethod 20485 0x000002776bd2f490 code [0x000002776bd2f620, 0x000002776bd2f6c0]
Event: 1980.133 Thread 0x00000277767b5250 20484       4       java.util.Calendar::internalGet (7 bytes)
Event: 1980.134 Thread 0x00000277767b5250 nmethod 20484 0x000002776bd2f790 code [0x000002776bd2f920, 0x000002776bd2f9f0]

GC Heap History (20 events):
Event: 1135.027 GC heap before
{Heap before GC invocations=968 (full 4):
 PSYoungGen      total 5120K, used 4901K [0x00000000d5580000, 0x00000000d5f00000, 0x0000000100000000)
  eden space 2560K, 93% used [0x00000000d5580000,0x00000000d57d4b78,0x00000000d5800000)
  from space 2560K, 98% used [0x00000000d5800000,0x00000000d5a74900,0x00000000d5a80000)
  to   space 3584K, 0% used [0x00000000d5b80000,0x00000000d5b80000,0x00000000d5f00000)
 ParOldGen       total 561152K, used 379221K [0x0000000080000000, 0x00000000a2400000, 0x00000000d5580000)
  object space 561152K, 67% used [0x0000000080000000,0x0000000097255740,0x00000000a2400000)
 Metaspace       used 82196K, committed 83968K, reserved 1179648K
  class space    used 8426K, committed 9216K, reserved 1048576K
}
Event: 1135.029 GC heap after
{Heap after GC invocations=968 (full 4):
 PSYoungGen      total 4608K, used 1947K [0x00000000d5580000, 0x00000000d5d80000, 0x0000000100000000)
  eden space 2560K, 0% used [0x00000000d5580000,0x00000000d5580000,0x00000000d5800000)
  from space 2048K, 95% used [0x00000000d5b80000,0x00000000d5d66e40,0x00000000d5d80000)
  to   space 2560K, 0% used [0x00000000d5880000,0x00000000d5880000,0x00000000d5b00000)
 ParOldGen       total 561152K, used 381613K [0x0000000080000000, 0x00000000a2400000, 0x00000000d5580000)
  object space 561152K, 68% used [0x0000000080000000,0x00000000974ab740,0x00000000a2400000)
 Metaspace       used 82196K, committed 83968K, reserved 1179648K
  class space    used 8426K, committed 9216K, reserved 1048576K
}
Event: 1135.033 GC heap before
{Heap before GC invocations=969 (full 4):
 PSYoungGen      total 4608K, used 4507K [0x00000000d5580000, 0x00000000d5d80000, 0x0000000100000000)
  eden space 2560K, 100% used [0x00000000d5580000,0x00000000d5800000,0x00000000d5800000)
  from space 2048K, 95% used [0x00000000d5b80000,0x00000000d5d66e40,0x00000000d5d80000)
  to   space 2560K, 0% used [0x00000000d5880000,0x00000000d5880000,0x00000000d5b00000)
 ParOldGen       total 561152K, used 381613K [0x0000000080000000, 0x00000000a2400000, 0x00000000d5580000)
  object space 561152K, 68% used [0x0000000080000000,0x00000000974ab740,0x00000000a2400000)
 Metaspace       used 82196K, committed 83968K, reserved 1179648K
  class space    used 8426K, committed 9216K, reserved 1048576K
}
Event: 1135.035 GC heap after
{Heap after GC invocations=969 (full 4):
 PSYoungGen      total 5120K, used 2537K [0x00000000d5580000, 0x00000000d6200000, 0x0000000100000000)
  eden space 2560K, 0% used [0x00000000d5580000,0x00000000d5580000,0x00000000d5800000)
  from space 2560K, 99% used [0x00000000d5880000,0x00000000d5afa640,0x00000000d5b00000)
  to   space 5120K, 0% used [0x00000000d5d00000,0x00000000d5d00000,0x00000000d6200000)
 ParOldGen       total 561152K, used 383553K [0x0000000080000000, 0x00000000a2400000, 0x00000000d5580000)
  object space 561152K, 68% used [0x0000000080000000,0x0000000097690580,0x00000000a2400000)
 Metaspace       used 82196K, committed 83968K, reserved 1179648K
  class space    used 8426K, committed 9216K, reserved 1048576K
}
Event: 1135.040 GC heap before
{Heap before GC invocations=970 (full 4):
 PSYoungGen      total 5120K, used 4964K [0x00000000d5580000, 0x00000000d6200000, 0x0000000100000000)
  eden space 2560K, 94% used [0x00000000d5580000,0x00000000d57deac0,0x00000000d5800000)
  from space 2560K, 99% used [0x00000000d5880000,0x00000000d5afa640,0x00000000d5b00000)
  to   space 5120K, 0% used [0x00000000d5d00000,0x00000000d5d00000,0x00000000d6200000)
 ParOldGen       total 561152K, used 383553K [0x0000000080000000, 0x00000000a2400000, 0x00000000d5580000)
  object space 561152K, 68% used [0x0000000080000000,0x0000000097690580,0x00000000a2400000)
 Metaspace       used 82196K, committed 83968K, reserved 1179648K
  class space    used 8426K, committed 9216K, reserved 1048576K
}
Event: 1135.043 GC heap after
{Heap after GC invocations=970 (full 4):
 PSYoungGen      total 5632K, used 2292K [0x00000000d5580000, 0x00000000d5f80000, 0x0000000100000000)
  eden space 3072K, 0% used [0x00000000d5580000,0x00000000d5580000,0x00000000d5880000)
  from space 2560K, 89% used [0x00000000d5d00000,0x00000000d5f3d000,0x00000000d5f80000)
  to   space 3584K, 0% used [0x00000000d5880000,0x00000000d5880000,0x00000000d5c00000)
 ParOldGen       total 561152K, used 386300K [0x0000000080000000, 0x00000000a2400000, 0x00000000d5580000)
  object space 561152K, 68% used [0x0000000080000000,0x000000009793f200,0x00000000a2400000)
 Metaspace       used 82196K, committed 83968K, reserved 1179648K
  class space    used 8426K, committed 9216K, reserved 1048576K
}
Event: 1135.068 GC heap before
{Heap before GC invocations=971 (full 4):
 PSYoungGen      total 5632K, used 5285K [0x00000000d5580000, 0x00000000d5f80000, 0x0000000100000000)
  eden space 3072K, 97% used [0x00000000d5580000,0x00000000d586c638,0x00000000d5880000)
  from space 2560K, 89% used [0x00000000d5d00000,0x00000000d5f3d000,0x00000000d5f80000)
  to   space 3584K, 0% used [0x00000000d5880000,0x00000000d5880000,0x00000000d5c00000)
 ParOldGen       total 561152K, used 386300K [0x0000000080000000, 0x00000000a2400000, 0x00000000d5580000)
  object space 561152K, 68% used [0x0000000080000000,0x000000009793f200,0x00000000a2400000)
 Metaspace       used 82196K, committed 83968K, reserved 1179648K
  class space    used 8426K, committed 9216K, reserved 1048576K
}
Event: 1135.071 GC heap after
{Heap after GC invocations=971 (full 4):
 PSYoungGen      total 6656K, used 2022K [0x00000000d5580000, 0x00000000d5e80000, 0x0000000100000000)
  eden space 3072K, 0% used [0x00000000d5580000,0x00000000d5580000,0x00000000d5880000)
  from space 3584K, 56% used [0x00000000d5880000,0x00000000d5a79870,0x00000000d5c00000)
  to   space 2560K, 0% used [0x00000000d5c00000,0x00000000d5c00000,0x00000000d5e80000)
 ParOldGen       total 561152K, used 388236K [0x0000000080000000, 0x00000000a2400000, 0x00000000d5580000)
  object space 561152K, 69% used [0x0000000080000000,0x0000000097b23200,0x00000000a2400000)
 Metaspace       used 82196K, committed 83968K, reserved 1179648K
  class space    used 8426K, committed 9216K, reserved 1048576K
}
Event: 1135.080 GC heap before
{Heap before GC invocations=972 (full 4):
 PSYoungGen      total 6656K, used 5094K [0x00000000d5580000, 0x00000000d5e80000, 0x0000000100000000)
  eden space 3072K, 100% used [0x00000000d5580000,0x00000000d5880000,0x00000000d5880000)
  from space 3584K, 56% used [0x00000000d5880000,0x00000000d5a79870,0x00000000d5c00000)
  to   space 2560K, 0% used [0x00000000d5c00000,0x00000000d5c00000,0x00000000d5e80000)
 ParOldGen       total 561152K, used 388236K [0x0000000080000000, 0x00000000a2400000, 0x00000000d5580000)
  object space 561152K, 69% used [0x0000000080000000,0x0000000097b23200,0x00000000a2400000)
 Metaspace       used 82198K, committed 83968K, reserved 1179648K
  class space    used 8426K, committed 9216K, reserved 1048576K
}
Event: 1135.083 GC heap after
{Heap after GC invocations=972 (full 4):
 PSYoungGen      total 6144K, used 1799K [0x00000000d5580000, 0x00000000d5e00000, 0x0000000100000000)
  eden space 4096K, 0% used [0x00000000d5580000,0x00000000d5580000,0x00000000d5980000)
  from space 2048K, 87% used [0x00000000d5c00000,0x00000000d5dc1ca8,0x00000000d5e00000)
  to   space 2048K, 0% used [0x00000000d5a00000,0x00000000d5a00000,0x00000000d5c00000)
 ParOldGen       total 561152K, used 390127K [0x0000000080000000, 0x00000000a2400000, 0x00000000d5580000)
  object space 561152K, 69% used [0x0000000080000000,0x0000000097cfbda0,0x00000000a2400000)
 Metaspace       used 82198K, committed 83968K, reserved 1179648K
  class space    used 8426K, committed 9216K, reserved 1048576K
}
Event: 1135.100 GC heap before
{Heap before GC invocations=973 (full 4):
 PSYoungGen      total 6144K, used 5895K [0x00000000d5580000, 0x00000000d5e00000, 0x0000000100000000)
  eden space 4096K, 100% used [0x00000000d5580000,0x00000000d5980000,0x00000000d5980000)
  from space 2048K, 87% used [0x00000000d5c00000,0x00000000d5dc1ca8,0x00000000d5e00000)
  to   space 2048K, 0% used [0x00000000d5a00000,0x00000000d5a00000,0x00000000d5c00000)
 ParOldGen       total 561152K, used 390127K [0x0000000080000000, 0x00000000a2400000, 0x00000000d5580000)
  object space 561152K, 69% used [0x0000000080000000,0x0000000097cfbda0,0x00000000a2400000)
 Metaspace       used 82198K, committed 83968K, reserved 1179648K
  class space    used 8426K, committed 9216K, reserved 1048576K
}
Event: 1135.102 GC heap after
{Heap after GC invocations=973 (full 4):
 PSYoungGen      total 5632K, used 1056K [0x00000000d5580000, 0x00000000d5c80000, 0x0000000100000000)
  eden space 4096K, 0% used [0x00000000d5580000,0x00000000d5580000,0x00000000d5980000)
  from space 1536K, 68% used [0x00000000d5a00000,0x00000000d5b08000,0x00000000d5b80000)
  to   space 1024K, 0% used [0x00000000d5b80000,0x00000000d5b80000,0x00000000d5c80000)
 ParOldGen       total 561152K, used 391806K [0x0000000080000000, 0x00000000a2400000, 0x00000000d5580000)
  object space 561152K, 69% used [0x0000000080000000,0x0000000097e9f898,0x00000000a2400000)
 Metaspace       used 82198K, committed 83968K, reserved 1179648K
  class space    used 8426K, committed 9216K, reserved 1048576K
}
Event: 1135.344 GC heap before
{Heap before GC invocations=974 (full 4):
 PSYoungGen      total 5632K, used 5152K [0x00000000d5580000, 0x00000000d5c80000, 0x0000000100000000)
  eden space 4096K, 100% used [0x00000000d5580000,0x00000000d5980000,0x00000000d5980000)
  from space 1536K, 68% used [0x00000000d5a00000,0x00000000d5b08000,0x00000000d5b80000)
  to   space 1024K, 0% used [0x00000000d5b80000,0x00000000d5b80000,0x00000000d5c80000)
 ParOldGen       total 561152K, used 391806K [0x0000000080000000, 0x00000000a2400000, 0x00000000d5580000)
  object space 561152K, 69% used [0x0000000080000000,0x0000000097e9f898,0x00000000a2400000)
 Metaspace       used 82216K, committed 83968K, reserved 1179648K
  class space    used 8426K, committed 9216K, reserved 1048576K
}
Event: 1135.345 GC heap after
{Heap after GC invocations=974 (full 4):
 PSYoungGen      total 4608K, used 224K [0x00000000d5580000, 0x00000000d5c00000, 0x0000000100000000)
  eden space 4096K, 0% used [0x00000000d5580000,0x00000000d5580000,0x00000000d5980000)
  from space 512K, 43% used [0x00000000d5b80000,0x00000000d5bb8000,0x00000000d5c00000)
  to   space 1024K, 0% used [0x00000000d5a00000,0x00000000d5a00000,0x00000000d5b00000)
 ParOldGen       total 561152K, used 392703K [0x0000000080000000, 0x00000000a2400000, 0x00000000d5580000)
  object space 561152K, 69% used [0x0000000080000000,0x0000000097f7fee0,0x00000000a2400000)
 Metaspace       used 82216K, committed 83968K, reserved 1179648K
  class space    used 8426K, committed 9216K, reserved 1048576K
}
Event: 1135.359 GC heap before
{Heap before GC invocations=975 (full 4):
 PSYoungGen      total 4608K, used 4317K [0x00000000d5580000, 0x00000000d5c00000, 0x0000000100000000)
  eden space 4096K, 99% used [0x00000000d5580000,0x00000000d597f690,0x00000000d5980000)
  from space 512K, 43% used [0x00000000d5b80000,0x00000000d5bb8000,0x00000000d5c00000)
  to   space 1024K, 0% used [0x00000000d5a00000,0x00000000d5a00000,0x00000000d5b00000)
 ParOldGen       total 561152K, used 392703K [0x0000000080000000, 0x00000000a2400000, 0x00000000d5580000)
  object space 561152K, 69% used [0x0000000080000000,0x0000000097f7fee0,0x00000000a2400000)
 Metaspace       used 82217K, committed 83968K, reserved 1179648K
  class space    used 8426K, committed 9216K, reserved 1048576K
}
Event: 1135.360 GC heap after
{Heap after GC invocations=975 (full 4):
 PSYoungGen      total 5120K, used 224K [0x00000000d5580000, 0x00000000d5c00000, 0x0000000100000000)
  eden space 4096K, 0% used [0x00000000d5580000,0x00000000d5580000,0x00000000d5980000)
  from space 1024K, 21% used [0x00000000d5a00000,0x00000000d5a38000,0x00000000d5b00000)
  to   space 512K, 0% used [0x00000000d5b80000,0x00000000d5b80000,0x00000000d5c00000)
 ParOldGen       total 561152K, used 392781K [0x0000000080000000, 0x00000000a2400000, 0x00000000d5580000)
  object space 561152K, 69% used [0x0000000080000000,0x0000000097f936e0,0x00000000a2400000)
 Metaspace       used 82217K, committed 83968K, reserved 1179648K
  class space    used 8426K, committed 9216K, reserved 1048576K
}
Event: 1135.685 GC heap before
{Heap before GC invocations=976 (full 4):
 PSYoungGen      total 5120K, used 4320K [0x00000000d5580000, 0x00000000d5c00000, 0x0000000100000000)
  eden space 4096K, 100% used [0x00000000d5580000,0x00000000d5980000,0x00000000d5980000)
  from space 1024K, 21% used [0x00000000d5a00000,0x00000000d5a38000,0x00000000d5b00000)
  to   space 512K, 0% used [0x00000000d5b80000,0x00000000d5b80000,0x00000000d5c00000)
 ParOldGen       total 561152K, used 392781K [0x0000000080000000, 0x00000000a2400000, 0x00000000d5580000)
  object space 561152K, 69% used [0x0000000080000000,0x0000000097f936e0,0x00000000a2400000)
 Metaspace       used 82223K, committed 83968K, reserved 1179648K
  class space    used 8426K, committed 9216K, reserved 1048576K
}
Event: 1135.686 GC heap after
{Heap after GC invocations=976 (full 4):
 PSYoungGen      total 4608K, used 192K [0x00000000d5580000, 0x00000000d5c00000, 0x0000000100000000)
  eden space 4096K, 0% used [0x00000000d5580000,0x00000000d5580000,0x00000000d5980000)
  from space 512K, 37% used [0x00000000d5b80000,0x00000000d5bb0000,0x00000000d5c00000)
  to   space 512K, 0% used [0x00000000d5b00000,0x00000000d5b00000,0x00000000d5b80000)
 ParOldGen       total 561152K, used 392797K [0x0000000080000000, 0x00000000a2400000, 0x00000000d5580000)
  object space 561152K, 69% used [0x0000000080000000,0x0000000097f976e0,0x00000000a2400000)
 Metaspace       used 82223K, committed 83968K, reserved 1179648K
  class space    used 8426K, committed 9216K, reserved 1048576K
}
Event: 1669.553 GC heap before
{Heap before GC invocations=977 (full 4):
 PSYoungGen      total 4608K, used 4287K [0x00000000d5580000, 0x00000000d5c00000, 0x0000000100000000)
  eden space 4096K, 99% used [0x00000000d5580000,0x00000000d597ffe0,0x00000000d5980000)
  from space 512K, 37% used [0x00000000d5b80000,0x00000000d5bb0000,0x00000000d5c00000)
  to   space 512K, 0% used [0x00000000d5b00000,0x00000000d5b00000,0x00000000d5b80000)
 ParOldGen       total 561152K, used 392797K [0x0000000080000000, 0x00000000a2400000, 0x00000000d5580000)
  object space 561152K, 69% used [0x0000000080000000,0x0000000097f976e0,0x00000000a2400000)
 Metaspace       used 82249K, committed 83968K, reserved 1179648K
  class space    used 8427K, committed 9216K, reserved 1048576K
}
Event: 1669.554 GC heap after
{Heap after GC invocations=977 (full 4):
 PSYoungGen      total 4608K, used 288K [0x00000000d5580000, 0x00000000d5c00000, 0x0000000100000000)
  eden space 4096K, 0% used [0x00000000d5580000,0x00000000d5580000,0x00000000d5980000)
  from space 512K, 56% used [0x00000000d5b00000,0x00000000d5b48020,0x00000000d5b80000)
  to   space 512K, 0% used [0x00000000d5b80000,0x00000000d5b80000,0x00000000d5c00000)
 ParOldGen       total 561152K, used 392829K [0x0000000080000000, 0x00000000a2400000, 0x00000000d5580000)
  object space 561152K, 70% used [0x0000000080000000,0x0000000097f9f6e0,0x00000000a2400000)
 Metaspace       used 82249K, committed 83968K, reserved 1179648K
  class space    used 8427K, committed 9216K, reserved 1048576K
}

Dll operation events (12 events):
Event: 0.006 Loaded shared library c:\Users\Admin\.vscode\extensions\redhat.java-1.54.0-win32-x64\jre\21.0.10-win32-x86_64\bin\java.dll
Event: 0.081 Loaded shared library c:\Users\Admin\.vscode\extensions\redhat.java-1.54.0-win32-x64\jre\21.0.10-win32-x86_64\bin\zip.dll
Event: 0.106 Loaded shared library C:\Users\Admin\.vscode\extensions\redhat.java-1.54.0-win32-x64\jre\21.0.10-win32-x86_64\bin\instrument.dll
Event: 0.112 Loaded shared library C:\Users\Admin\.vscode\extensions\redhat.java-1.54.0-win32-x64\jre\21.0.10-win32-x86_64\bin\net.dll
Event: 0.114 Loaded shared library C:\Users\Admin\.vscode\extensions\redhat.java-1.54.0-win32-x64\jre\21.0.10-win32-x86_64\bin\nio.dll
Event: 0.118 Loaded shared library C:\Users\Admin\.vscode\extensions\redhat.java-1.54.0-win32-x64\jre\21.0.10-win32-x86_64\bin\zip.dll
Event: 0.144 Loaded shared library C:\Users\Admin\.vscode\extensions\redhat.java-1.54.0-win32-x64\jre\21.0.10-win32-x86_64\bin\jimage.dll
Event: 0.217 Loaded shared library c:\Users\Admin\.vscode\extensions\redhat.java-1.54.0-win32-x64\jre\21.0.10-win32-x86_64\bin\verify.dll
Event: 2.151 Loaded shared library C:\Users\Admin\AppData\Roaming\Code\User\globalStorage\redhat.java\1.54.0\config_win\org.eclipse.equinox.launcher\org.eclipse.equinox.launcher.win32.win32.x86_64_1.3.0.v20260203-2149\eclipse_11919.dll
Event: 5.929 Loaded shared library C:\Users\Admin\AppData\Local\Temp\jna-63116079\jna13493082298621030383.dll
Event: 7.272 Loaded shared library C:\Users\Admin\.vscode\extensions\redhat.java-1.54.0-win32-x64\jre\21.0.10-win32-x86_64\bin\sunmscapi.dll
Event: 7.327 Loaded shared library C:\Users\Admin\.vscode\extensions\redhat.java-1.54.0-win32-x64\jre\21.0.10-win32-x86_64\bin\extnet.dll

Deoptimization events (20 events):
Event: 1135.080 Thread 0x000002777e60e620 Uncommon trap: trap_request=0xffffff6e fr.pc=0x000002776bd0163c relative=0x000000000000025c
Event: 1135.080 Thread 0x000002777e60e620 Uncommon trap: reason=loop_limit_check action=maybe_recompile pc=0x000002776bd0163c method=org.eclipse.jdt.internal.compiler.parser.Parser.checkComment()V @ 145 c2
Event: 1135.080 Thread 0x000002777e60e620 DEOPT PACKING pc=0x000002776bd0163c sp=0x000000c61dafe6c0
Event: 1135.080 Thread 0x000002777e60e620 DEOPT UNPACKING pc=0x000002776a4d3aa2 sp=0x000000c61dafe640 mode 2
Event: 1979.997 Thread 0x000002777dadb410 Uncommon trap: trap_request=0xffffffbe fr.pc=0x000002776bd28ca4 relative=0x0000000000000684
Event: 1979.997 Thread 0x000002777dadb410 Uncommon trap: reason=profile_predicate action=maybe_recompile pc=0x000002776bd28ca4 method=java.io.WinNTFileSystem.normalize(Ljava/lang/String;)Ljava/lang/String; @ 25 c2
Event: 1979.997 Thread 0x000002777dadb410 DEOPT PACKING pc=0x000002776bd28ca4 sp=0x000000c61effebb0
Event: 1979.997 Thread 0x000002777dadb410 DEOPT UNPACKING pc=0x000002776a4d3aa2 sp=0x000000c61effeaa0 mode 2
Event: 1979.997 Thread 0x000002777dadb410 Uncommon trap: trap_request=0xffffffbe fr.pc=0x000002776bd28ca4 relative=0x0000000000000684
Event: 1979.997 Thread 0x000002777dadb410 Uncommon trap: reason=profile_predicate action=maybe_recompile pc=0x000002776bd28ca4 method=java.io.WinNTFileSystem.normalize(Ljava/lang/String;)Ljava/lang/String; @ 25 c2
Event: 1979.997 Thread 0x000002777dadb410 DEOPT PACKING pc=0x000002776bd28ca4 sp=0x000000c61effebb0
Event: 1979.997 Thread 0x000002777dadb410 DEOPT UNPACKING pc=0x000002776a4d3aa2 sp=0x000000c61effeaa0 mode 2
Event: 1979.997 Thread 0x000002777dadb410 Uncommon trap: trap_request=0xffffffbe fr.pc=0x000002776bd28ca4 relative=0x0000000000000684
Event: 1979.997 Thread 0x000002777dadb410 Uncommon trap: reason=profile_predicate action=maybe_recompile pc=0x000002776bd28ca4 method=java.io.WinNTFileSystem.normalize(Ljava/lang/String;)Ljava/lang/String; @ 25 c2
Event: 1979.997 Thread 0x000002777dadb410 DEOPT PACKING pc=0x000002776bd28ca4 sp=0x000000c61effebb0
Event: 1979.997 Thread 0x000002777dadb410 DEOPT UNPACKING pc=0x000002776a4d3aa2 sp=0x000000c61effeaa0 mode 2
Event: 1979.997 Thread 0x000002777dadb410 Uncommon trap: trap_request=0xffffffbe fr.pc=0x000002776bd28ca4 relative=0x0000000000000684
Event: 1979.997 Thread 0x000002777dadb410 Uncommon trap: reason=profile_predicate action=maybe_recompile pc=0x000002776bd28ca4 method=java.io.WinNTFileSystem.normalize(Ljava/lang/String;)Ljava/lang/String; @ 25 c2
Event: 1979.997 Thread 0x000002777dadb410 DEOPT PACKING pc=0x000002776bd28ca4 sp=0x000000c61effebb0
Event: 1979.997 Thread 0x000002777dadb410 DEOPT UNPACKING pc=0x000002776a4d3aa2 sp=0x000000c61effeaa0 mode 2

Classes loaded (20 events):
Event: 465.992 Loading class com/sun/org/apache/xerces/internal/xni/parser/XMLParseException
Event: 465.992 Loading class com/sun/org/apache/xerces/internal/xni/parser/XMLParseException done
Event: 466.100 Loading class java/util/stream/ReduceOps$5
Event: 466.100 Loading class java/util/stream/ReduceOps$5 done
Event: 466.100 Loading class java/util/stream/ReduceOps$CountingSink$OfRef
Event: 466.100 Loading class java/util/stream/ReduceOps$CountingSink
Event: 466.100 Loading class java/util/stream/ReduceOps$CountingSink done
Event: 466.100 Loading class java/util/stream/ReduceOps$CountingSink$OfRef done
Event: 486.359 Loading class jdk/internal/ref/CleanerImpl$InnocuousThreadFactory
Event: 486.361 Loading class jdk/internal/ref/CleanerImpl$InnocuousThreadFactory done
Event: 490.546 Loading class java/util/regex/Pattern$Behind
Event: 490.547 Loading class java/util/regex/Pattern$Behind done
Event: 490.547 Loading class java/util/regex/Pattern$Neg
Event: 490.547 Loading class java/util/regex/Pattern$Neg done
Event: 490.559 Loading class java/util/stream/SliceOps
Event: 490.560 Loading class java/util/stream/SliceOps done
Event: 490.560 Loading class java/util/stream/SliceOps$1
Event: 490.561 Loading class java/util/stream/SliceOps$1 done
Event: 490.564 Loading class java/util/stream/SliceOps$1$1
Event: 490.564 Loading class java/util/stream/SliceOps$1$1 done

Classes unloaded (11 events):
Event: 6.340 Thread 0x000002775fe0e9f0 Unloading class 0x00000277011b6800 'java/lang/invoke/LambdaForm$MH+0x00000277011b6800'
Event: 6.340 Thread 0x000002775fe0e9f0 Unloading class 0x00000277011b6400 'java/lang/invoke/LambdaForm$MH+0x00000277011b6400'
Event: 6.340 Thread 0x000002775fe0e9f0 Unloading class 0x00000277011b6000 'java/lang/invoke/LambdaForm$MH+0x00000277011b6000'
Event: 6.340 Thread 0x000002775fe0e9f0 Unloading class 0x00000277011b5c00 'java/lang/invoke/LambdaForm$MH+0x00000277011b5c00'
Event: 6.340 Thread 0x000002775fe0e9f0 Unloading class 0x00000277011b5800 'java/lang/invoke/LambdaForm$BMH+0x00000277011b5800'
Event: 6.340 Thread 0x000002775fe0e9f0 Unloading class 0x00000277011b5400 'java/lang/invoke/LambdaForm$DMH+0x00000277011b5400'
Event: 6.340 Thread 0x000002775fe0e9f0 Unloading class 0x00000277011b4000 'java/lang/invoke/LambdaForm$DMH+0x00000277011b4000'
Event: 10.727 Thread 0x000002775fe0e9f0 Unloading class 0x00000277016c8c00 'java/lang/invoke/LambdaForm$DMH+0x00000277016c8c00'
Event: 10.727 Thread 0x000002775fe0e9f0 Unloading class 0x00000277016c8800 'java/lang/invoke/LambdaForm$DMH+0x00000277016c8800'
Event: 10.727 Thread 0x000002775fe0e9f0 Unloading class 0x00000277016c8000 'java/lang/invoke/LambdaForm$DMH+0x00000277016c8000'
Event: 10.727 Thread 0x000002775fe0e9f0 Unloading class 0x00000277016c8400 'java/lang/invoke/LambdaForm$DMH+0x00000277016c8400'

Classes redefined (0 events):
No events

Internal exceptions (20 events):
Event: 490.496 Thread 0x000002777e035be0 Exception <a 'java/lang/NoSuchMethodError'{0x00000000d5790ee0}: 'void java.lang.invoke.DirectMethodHandle$Holder.invokeSpecial(java.lang.Object, java.lang.Object, int)'> (0x00000000d5790ee0) 
thrown [s\src\hotspot\share\interpreter\linkResolver.cpp, line 773]
Event: 490.791 Thread 0x000002777e60e620 Exception <a 'sun/nio/fs/WindowsException'{0x00000000d5d64ef0}> (0x00000000d5d64ef0) 
thrown [s\src\hotspot\share\prims\jni.cpp, line 520]
Event: 491.033 Thread 0x000002777e60e620 Exception <a 'sun/nio/fs/WindowsException'{0x00000000d55b0e90}> (0x00000000d55b0e90) 
thrown [s\src\hotspot\share\prims\jni.cpp, line 520]
Event: 491.110 Thread 0x000002777e035be0 Exception <a 'java/lang/ArrayIndexOutOfBoundsException'{0x00000000d5c15d70}: Index 7081 out of bounds for length 7080> (0x00000000d5c15d70) 
thrown [s\src\hotspot\share\interpreter\interpreterRuntime.cpp, line 439]
Event: 495.573 Thread 0x000002777e60e620 Exception <a 'sun/nio/fs/WindowsException'{0x00000000d57fd360}> (0x00000000d57fd360) 
thrown [s\src\hotspot\share\prims\jni.cpp, line 520]
Event: 495.657 Thread 0x000002777e60e620 Exception <a 'sun/nio/fs/WindowsException'{0x00000000d571c6c0}> (0x00000000d571c6c0) 
thrown [s\src\hotspot\share\prims\jni.cpp, line 520]
Event: 671.220 Thread 0x000002777e032df0 Implicit null exception at 0x000002776af062d8 to 0x000002776af0738c
Event: 723.124 Thread 0x000002777dada6f0 Exception <a 'java/lang/IncompatibleClassChangeError'{0x00000000d5cd0b10}: Found class java.lang.Object, but interface was expected> (0x00000000d5cd0b10) 
thrown [s\src\hotspot\share\interpreter\linkResolver.cpp, line 840]
Event: 791.817 Thread 0x000002777e60e620 Exception <a 'sun/nio/fs/WindowsException'{0x00000000d56e3398}> (0x00000000d56e3398) 
thrown [s\src\hotspot\share\prims\jni.cpp, line 520]
Event: 791.943 Thread 0x000002777e60e620 Exception <a 'sun/nio/fs/WindowsException'{0x00000000d5697560}> (0x00000000d5697560) 
thrown [s\src\hotspot\share\prims\jni.cpp, line 520]
Event: 820.526 Thread 0x000002777e60e620 Exception <a 'sun/nio/fs/WindowsException'{0x00000000d56dce58}> (0x00000000d56dce58) 
thrown [s\src\hotspot\share\prims\jni.cpp, line 520]
Event: 820.684 Thread 0x000002777e60e620 Exception <a 'sun/nio/fs/WindowsException'{0x00000000d56a7918}> (0x00000000d56a7918) 
thrown [s\src\hotspot\share\prims\jni.cpp, line 520]
Event: 937.684 Thread 0x000002777dada6f0 Exception <a 'java/lang/IncompatibleClassChangeError'{0x00000000d586b8a0}: Found class java.lang.Object, but interface was expected> (0x00000000d586b8a0) 
thrown [s\src\hotspot\share\interpreter\linkResolver.cpp, line 840]
Event: 937.689 Thread 0x000002777e02f2e0 Exception <a 'java/lang/NoSuchMethodError'{0x00000000d558f288}: 'java.lang.Object java.lang.invoke.DirectMethodHandle$Holder.invokeStatic(java.lang.Object, int, int, java.lang.Object)'> (0x00000000d558f288) 
thrown [s\src\hotspot\share\interpreter\linkResolver.cpp, line 773]
Event: 975.000 Thread 0x000002777e60e620 Exception <a 'sun/nio/fs/WindowsException'{0x00000000d578b690}> (0x00000000d578b690) 
thrown [s\src\hotspot\share\prims\jni.cpp, line 520]
Event: 975.177 Thread 0x000002777e60e620 Exception <a 'sun/nio/fs/WindowsException'{0x00000000d55a2348}> (0x00000000d55a2348) 
thrown [s\src\hotspot\share\prims\jni.cpp, line 520]
Event: 1113.184 Thread 0x000002777e60e620 Exception <a 'sun/nio/fs/WindowsException'{0x00000000d56b4ec8}> (0x00000000d56b4ec8) 
thrown [s\src\hotspot\share\prims\jni.cpp, line 520]
Event: 1113.273 Thread 0x000002777e60e620 Exception <a 'sun/nio/fs/WindowsException'{0x00000000d59636b0}> (0x00000000d59636b0) 
thrown [s\src\hotspot\share\prims\jni.cpp, line 520]
Event: 1134.975 Thread 0x000002777e60e620 Exception <a 'sun/nio/fs/WindowsException'{0x00000000d5685868}> (0x00000000d5685868) 
thrown [s\src\hotspot\share\prims\jni.cpp, line 520]
Event: 1135.061 Thread 0x000002777e60e620 Exception <a 'sun/nio/fs/WindowsException'{0x00000000d56ade00}> (0x00000000d56ade00) 
thrown [s\src\hotspot\share\prims\jni.cpp, line 520]

ZGC Phase Switch (0 events):
No events

VM Operations (20 events):
Event: 1443.129 Executing non-safepoint VM operation: HandshakeAllThreads (HandshakeForDeflation)
Event: 1443.129 Executing non-safepoint VM operation: HandshakeAllThreads (HandshakeForDeflation) done
Event: 1443.129 Executing non-safepoint VM operation: RendezvousGCThreads
Event: 1443.129 Executing non-safepoint VM operation: RendezvousGCThreads done
Event: 1563.338 Executing non-safepoint VM operation: HandshakeAllThreads (HandshakeForDeflation)
Event: 1563.338 Executing non-safepoint VM operation: HandshakeAllThreads (HandshakeForDeflation) done
Event: 1563.338 Executing non-safepoint VM operation: RendezvousGCThreads
Event: 1563.338 Executing non-safepoint VM operation: RendezvousGCThreads done
Event: 1623.459 Executing non-safepoint VM operation: HandshakeAllThreads (HandshakeForDeflation)
Event: 1623.459 Executing non-safepoint VM operation: HandshakeAllThreads (HandshakeForDeflation) done
Event: 1623.459 Executing non-safepoint VM operation: RendezvousGCThreads
Event: 1623.459 Executing non-safepoint VM operation: RendezvousGCThreads done
Event: 1669.553 Executing safepoint VM operation: ParallelGCFailedAllocation (Allocation Failure)
Event: 1669.554 Executing safepoint VM operation: ParallelGCFailedAllocation (Allocation Failure) done
Event: 1683.685 Executing non-safepoint VM operation: HandshakeAllThreads (HandshakeForDeflation)
Event: 1683.685 Executing non-safepoint VM operation: HandshakeAllThreads (HandshakeForDeflation) done
Event: 1683.685 Executing non-safepoint VM operation: RendezvousGCThreads
Event: 1683.685 Executing non-safepoint VM operation: RendezvousGCThreads done
Event: 1980.942 Executing safepoint VM operation: Cleanup
Event: 1980.942 Executing safepoint VM operation: Cleanup done

Memory protections (0 events):
No events

Nmethod flushes (20 events):
Event: 486.218 Thread 0x000002775fe0e9f0 flushing  nmethod 0x0000027763fcde10
Event: 486.218 Thread 0x000002775fe0e9f0 flushing  nmethod 0x0000027763fce690
Event: 486.218 Thread 0x000002775fe0e9f0 flushing  nmethod 0x0000027763fd2090
Event: 486.218 Thread 0x000002775fe0e9f0 flushing  nmethod 0x0000027763fd3610
Event: 486.218 Thread 0x000002775fe0e9f0 flushing  nmethod 0x0000027763fd5c10
Event: 486.218 Thread 0x000002775fe0e9f0 flushing  nmethod 0x0000027763fd6110
Event: 486.218 Thread 0x000002775fe0e9f0 flushing  nmethod 0x0000027763fd6710
Event: 486.218 Thread 0x000002775fe0e9f0 flushing  nmethod 0x0000027763fd7910
Event: 486.218 Thread 0x000002775fe0e9f0 flushing  nmethod 0x0000027763fd8590
Event: 486.218 Thread 0x000002775fe0e9f0 flushing  nmethod 0x0000027763fe3490
Event: 486.218 Thread 0x000002775fe0e9f0 flushing  nmethod 0x0000027764007f10
Event: 486.218 Thread 0x000002775fe0e9f0 flushing  nmethod 0x0000027764010810
Event: 486.218 Thread 0x000002775fe0e9f0 flushing  nmethod 0x000002776401c690
Event: 486.218 Thread 0x000002775fe0e9f0 flushing  nmethod 0x0000027764021c90
Event: 486.218 Thread 0x000002775fe0e9f0 flushing  nmethod 0x0000027764038b10
Event: 486.218 Thread 0x000002775fe0e9f0 flushing  nmethod 0x000002776403f990
Event: 486.218 Thread 0x000002775fe0e9f0 flushing  nmethod 0x0000027764057710
Event: 486.218 Thread 0x000002775fe0e9f0 flushing  nmethod 0x0000027764064b90
Event: 486.218 Thread 0x000002775fe0e9f0 flushing  nmethod 0x0000027764079710
Event: 486.218 Thread 0x000002775fe0e9f0 flushing  nmethod 0x000002776407cb90

Events (20 events):
Event: 1195.688 Thread 0x000002777e0313b0 Thread exited: 0x000002777e0313b0
Event: 1206.099 Thread 0x000002777e032df0 Thread added: 0x000002777e030690
Event: 1206.101 Thread 0x0000027742db00a0 Thread exited: 0x0000027742db00a0
Event: 1255.688 Thread 0x000002777e614f20 Thread exited: 0x000002777e614f20
Event: 1275.121 Thread 0x0000027742db3520 Thread exited: 0x0000027742db3520
Event: 1275.121 Thread 0x0000027742db2e90 Thread exited: 0x0000027742db2e90
Event: 1315.692 Thread 0x000002777e02f2e0 Thread exited: 0x000002777e02f2e0
Event: 1375.699 Thread 0x000002777e034ec0 Thread exited: 0x000002777e034ec0
Event: 1413.234 Thread 0x000002777e032df0 Thread added: 0x000002777e0313b0
Event: 1413.234 Thread 0x000002777e0313b0 Thread exited: 0x000002777e0313b0
Event: 1413.235 Thread 0x000002777e032df0 Thread added: 0x000002777e034830
Event: 1413.236 Thread 0x000002777e034830 Thread exited: 0x000002777e034830
Event: 1413.242 Thread 0x00000277767b5da0 Thread added: 0x000002774c913940
Event: 1413.293 Thread 0x0000027742db0dc0 Thread exited: 0x0000027742db0dc0
Event: 1418.361 Thread 0x000002774c913940 Thread exited: 0x000002774c913940
Event: 1435.090 Thread 0x000002777e02e5c0 Thread exited: 0x000002777e02e5c0
Event: 1969.432 Thread 0x000002777e030690 Thread added: 0x000002777e0313b0
Event: 1969.432 Thread 0x000002777e0313b0 Thread exited: 0x000002777e0313b0
Event: 1969.433 Thread 0x000002777e030690 Thread added: 0x000002777e0313b0
Event: 1969.433 Thread 0x000002777e0313b0 Thread exited: 0x000002777e0313b0


Dynamic libraries:
0x00007ff6da420000 - 0x00007ff6da42e000 	c:\Users\Admin\.vscode\extensions\redhat.java-1.54.0-win32-x64\jre\21.0.10-win32-x86_64\bin\java.exe
0x00007ff95b5b0000 - 0x00007ff95b7a5000 	C:\Windows\SYSTEM32\ntdll.dll
0x00007ff95a140000 - 0x00007ff95a1fd000 	C:\Windows\System32\KERNEL32.DLL
0x00007ff959180000 - 0x00007ff959448000 	C:\Windows\System32\KERNELBASE.dll
0x00007ff958ff0000 - 0x00007ff9590f0000 	C:\Windows\System32\ucrtbase.dll
0x00007ff93dce0000 - 0x00007ff93dcf8000 	c:\Users\Admin\.vscode\extensions\redhat.java-1.54.0-win32-x64\jre\21.0.10-win32-x86_64\bin\jli.dll
0x00007ff959770000 - 0x00007ff959910000 	C:\Windows\System32\USER32.dll
0x00007ff959450000 - 0x00007ff959472000 	C:\Windows\System32\win32u.dll
0x00007ff959610000 - 0x00007ff95963a000 	C:\Windows\System32\GDI32.dll
0x00007ff959480000 - 0x00007ff95958b000 	C:\Windows\System32\gdi32full.dll
0x00007ff958cf0000 - 0x00007ff958d8d000 	C:\Windows\System32\msvcp_win.dll
0x00007ff93ddf0000 - 0x00007ff93de0e000 	c:\Users\Admin\.vscode\extensions\redhat.java-1.54.0-win32-x64\jre\21.0.10-win32-x86_64\bin\VCRUNTIME140.dll
0x00007ff943190000 - 0x00007ff94342a000 	C:\Windows\WinSxS\amd64_microsoft.windows.common-controls_6595b64144ccf1df_6.0.19041.844_none_ca00b6081b84eb1d\COMCTL32.dll
0x00007ff95afd0000 - 0x00007ff95b06e000 	C:\Windows\System32\msvcrt.dll
0x00007ff95a740000 - 0x00007ff95a770000 	C:\Windows\System32\IMM32.DLL
0x00007ff94eb80000 - 0x00007ff94eb8c000 	c:\Users\Admin\.vscode\extensions\redhat.java-1.54.0-win32-x64\jre\21.0.10-win32-x86_64\bin\vcruntime140_1.dll
0x00007ff91d610000 - 0x00007ff91d69d000 	c:\Users\Admin\.vscode\extensions\redhat.java-1.54.0-win32-x64\jre\21.0.10-win32-x86_64\bin\msvcp140.dll
0x00007ff8c85c0000 - 0x00007ff8c9361000 	c:\Users\Admin\.vscode\extensions\redhat.java-1.54.0-win32-x64\jre\21.0.10-win32-x86_64\bin\server\jvm.dll
0x00007ff95af20000 - 0x00007ff95afcc000 	C:\Windows\System32\ADVAPI32.dll
0x00007ff95a570000 - 0x00007ff95a60b000 	C:\Windows\System32\sechost.dll
0x00007ff95b230000 - 0x00007ff95b35b000 	C:\Windows\System32\RPCRT4.dll
0x00007ff95b360000 - 0x00007ff95b3cb000 	C:\Windows\System32\WS2_32.dll
0x00007ff9581b0000 - 0x00007ff9581fb000 	C:\Windows\SYSTEM32\POWRPROF.dll
0x00007ff945180000 - 0x00007ff9451a7000 	C:\Windows\SYSTEM32\WINMM.dll
0x00007ff94c310000 - 0x00007ff94c31a000 	C:\Windows\SYSTEM32\VERSION.dll
0x00007ff958150000 - 0x00007ff958162000 	C:\Windows\SYSTEM32\UMPDC.dll
0x00007ff956c20000 - 0x00007ff956c32000 	C:\Windows\SYSTEM32\kernel.appcore.dll
0x00007ff946450000 - 0x00007ff94645a000 	c:\Users\Admin\.vscode\extensions\redhat.java-1.54.0-win32-x64\jre\21.0.10-win32-x86_64\bin\jimage.dll
0x00007ff9534a0000 - 0x00007ff953684000 	C:\Windows\SYSTEM32\DBGHELP.DLL
0x00007ff9415f0000 - 0x00007ff94161c000 	C:\Windows\SYSTEM32\dbgcore.DLL
0x00007ff959590000 - 0x00007ff959610000 	C:\Windows\System32\bcryptPrimitives.dll
0x00007ff9461f0000 - 0x00007ff9461ff000 	c:\Users\Admin\.vscode\extensions\redhat.java-1.54.0-win32-x64\jre\21.0.10-win32-x86_64\bin\instrument.dll
0x00007ff93c3b0000 - 0x00007ff93c3d0000 	c:\Users\Admin\.vscode\extensions\redhat.java-1.54.0-win32-x64\jre\21.0.10-win32-x86_64\bin\java.dll
0x00007ff9599e0000 - 0x00007ff95a122000 	C:\Windows\System32\SHELL32.dll
0x00007ff956e40000 - 0x00007ff9575d0000 	C:\Windows\SYSTEM32\windows.storage.dll
0x00007ff95a200000 - 0x00007ff95a555000 	C:\Windows\System32\combase.dll
0x00007ff958760000 - 0x00007ff95878c000 	C:\Windows\SYSTEM32\Wldp.dll
0x00007ff95a630000 - 0x00007ff95a6de000 	C:\Windows\System32\SHCORE.dll
0x00007ff95b100000 - 0x00007ff95b155000 	C:\Windows\System32\shlwapi.dll
0x00007ff958c30000 - 0x00007ff958c4f000 	C:\Windows\SYSTEM32\profapi.dll
0x00007ff93c280000 - 0x00007ff93c298000 	c:\Users\Admin\.vscode\extensions\redhat.java-1.54.0-win32-x64\jre\21.0.10-win32-x86_64\bin\zip.dll
0x00007ff943a20000 - 0x00007ff943a30000 	C:\Users\Admin\.vscode\extensions\redhat.java-1.54.0-win32-x64\jre\21.0.10-win32-x86_64\bin\net.dll
0x00007ff9502f0000 - 0x00007ff9503fb000 	C:\Windows\SYSTEM32\WINHTTP.dll
0x00007ff9584d0000 - 0x00007ff95853a000 	C:\Windows\system32\mswsock.dll
0x00007ff9376b0000 - 0x00007ff9376c6000 	C:\Users\Admin\.vscode\extensions\redhat.java-1.54.0-win32-x64\jre\21.0.10-win32-x86_64\bin\nio.dll
0x00007ff9426b0000 - 0x00007ff9426c0000 	c:\Users\Admin\.vscode\extensions\redhat.java-1.54.0-win32-x64\jre\21.0.10-win32-x86_64\bin\verify.dll
0x00007ff91adf0000 - 0x00007ff91ae35000 	C:\Users\Admin\AppData\Roaming\Code\User\globalStorage\redhat.java\1.54.0\config_win\org.eclipse.equinox.launcher\org.eclipse.equinox.launcher.win32.win32.x86_64_1.3.0.v20260203-2149\eclipse_11919.dll
0x00007ff959640000 - 0x00007ff95976a000 	C:\Windows\System32\ole32.dll
0x00007ff9586a0000 - 0x00007ff9586b8000 	C:\Windows\SYSTEM32\CRYPTSP.dll
0x00007ff957e00000 - 0x00007ff957e34000 	C:\Windows\system32\rsaenh.dll
0x00007ff9590f0000 - 0x00007ff959117000 	C:\Windows\System32\bcrypt.dll
0x00007ff958bb0000 - 0x00007ff958bde000 	C:\Windows\SYSTEM32\USERENV.dll
0x00007ff9586c0000 - 0x00007ff9586cc000 	C:\Windows\SYSTEM32\CRYPTBASE.dll
0x00007ff958170000 - 0x00007ff9581ab000 	C:\Windows\SYSTEM32\IPHLPAPI.DLL
0x00007ff95a560000 - 0x00007ff95a568000 	C:\Windows\System32\NSI.dll
0x00007ff916ee0000 - 0x00007ff916f29000 	C:\Users\Admin\AppData\Local\Temp\jna-63116079\jna13493082298621030383.dll
0x00007ff95a130000 - 0x00007ff95a138000 	C:\Windows\System32\PSAPI.DLL
0x00007ff94ded0000 - 0x00007ff94dee7000 	C:\Windows\SYSTEM32\dhcpcsvc6.DLL
0x00007ff94f9e0000 - 0x00007ff94f9fd000 	C:\Windows\SYSTEM32\dhcpcsvc.DLL
0x00007ff932030000 - 0x00007ff93203e000 	C:\Users\Admin\.vscode\extensions\redhat.java-1.54.0-win32-x64\jre\21.0.10-win32-x86_64\bin\sunmscapi.dll
0x00007ff958e90000 - 0x00007ff958fef000 	C:\Windows\System32\CRYPT32.dll
0x00007ff9587d0000 - 0x00007ff9587f7000 	C:\Windows\SYSTEM32\ncrypt.dll
0x00007ff958790000 - 0x00007ff9587cb000 	C:\Windows\SYSTEM32\NTASN1.dll
0x00007ff958210000 - 0x00007ff9582dc000 	C:\Windows\SYSTEM32\DNSAPI.dll
0x00007ff94eb70000 - 0x00007ff94eb7a000 	C:\Windows\System32\rasadhlp.dll
0x00007ff94d950000 - 0x00007ff94d9cf000 	C:\Windows\System32\fwpuclnt.dll
0x00007ff931a70000 - 0x00007ff931a79000 	C:\Users\Admin\.vscode\extensions\redhat.java-1.54.0-win32-x64\jre\21.0.10-win32-x86_64\bin\extnet.dll
0x00007ff957a30000 - 0x00007ff957a63000 	C:\Windows\SYSTEM32\ntmarta.dll

JVMTI agents:
c:\Users\Admin\.vscode\extensions\redhat.java-1.54.0-win32-x64\lombok\lombok-1.18.39-4050.jar path:c:\Users\Admin\.vscode\extensions\redhat.java-1.54.0-win32-x64\jre\21.0.10-win32-x86_64\bin\instrument.dll, loaded, initialized, instrumentlib options:none

dbghelp: loaded successfully - version: 4.0.5 - missing functions: none
symbol engine: initialized successfully - sym options: 0x614 - pdb path: .;c:\Users\Admin\.vscode\extensions\redhat.java-1.54.0-win32-x64\jre\21.0.10-win32-x86_64\bin;C:\Windows\SYSTEM32;C:\Windows\WinSxS\amd64_microsoft.windows.common-controls_6595b64144ccf1df_6.0.19041.844_none_ca00b6081b84eb1d;c:\Users\Admin\.vscode\extensions\redhat.java-1.54.0-win32-x64\jre\21.0.10-win32-x86_64\bin\server;C:\Users\Admin\AppData\Roaming\Code\User\globalStorage\redhat.java\1.54.0\config_win\org.eclipse.equinox.launcher\org.eclipse.equinox.launcher.win32.win32.x86_64_1.3.0.v20260203-2149;C:\Users\Admin\AppData\Local\Temp\jna-63116079

VM Arguments:
jvm_args: --add-modules=ALL-SYSTEM --add-opens=java.base/java.util=ALL-UNNAMED --add-opens=java.base/java.lang=ALL-UNNAMED --add-opens=java.base/sun.nio.fs=ALL-UNNAMED -Declipse.application=org.eclipse.jdt.ls.core.id1 -Dosgi.bundles.defaultStartLevel=4 -Declipse.product=org.eclipse.jdt.ls.core.product -Djava.import.generatesMetadataFilesAtProjectRoot=false -DDetectVMInstallationsJob.disabled=true -Dfile.encoding=utf8 -XX:+UseParallelGC -XX:GCTimeRatio=4 -XX:AdaptiveSizePolicyWeight=90 -Dsun.zip.disableMemoryMapping=true -Xmx2G -Xms100m -Xlog:disable -javaagent:c:\Users\Admin\.vscode\extensions\redhat.java-1.54.0-win32-x64\lombok\lombok-1.18.39-4050.jar -XX:+HeapDumpOnOutOfMemoryError -XX:HeapDumpPath=c:\Users\Admin\AppData\Roaming\Code\User\workspaceStorage\b202cd9a6e2847ec7613006ad445faa7\redhat.java -Daether.dependencyCollector.impl=bf 
java_command: c:\Users\Admin\.vscode\extensions\redhat.java-1.54.0-win32-x64\server\plugins\org.eclipse.equinox.launcher_1.7.100.v20251111-0406.jar -configuration c:\Users\Admin\AppData\Roaming\Code\User\globalStorage\redhat.java\1.54.0\config_win -data c:\Users\Admin\AppData\Roaming\Code\User\workspaceStorage\b202cd9a6e2847ec7613006ad445faa7\redhat.java\jdt_ws --pipe=\\.\pipe\lsp-bd567446507cecc1eeaae0e1c4950a98-sock
java_class_path (initial): c:\Users\Admin\.vscode\extensions\redhat.java-1.54.0-win32-x64\server\plugins\org.eclipse.equinox.launcher_1.7.100.v20251111-0406.jar
Launcher Type: SUN_STANDARD

[Global flags]
    uintx AdaptiveSizePolicyWeight                 = 90                                        {product} {command line}
     intx CICompilerCount                          = 4                                         {product} {ergonomic}
    uintx GCTimeRatio                              = 4                                         {product} {command line}
     bool HeapDumpOnOutOfMemoryError               = true                                   {manageable} {command line}
    ccstr HeapDumpPath                             = c:\Users\Admin\AppData\Roaming\Code\User\workspaceStorage\b202cd9a6e2847ec7613006ad445faa7\redhat.java         {manageable} {command line}
   size_t InitialHeapSize                          = 104857600                                 {product} {command line}
   size_t MaxHeapSize                              = 2147483648                                {product} {command line}
   size_t MaxNewSize                               = 715653120                                 {product} {ergonomic}
   size_t MinHeapDeltaBytes                        = 524288                                    {product} {ergonomic}
   size_t MinHeapSize                              = 104857600                                 {product} {command line}
   size_t NewSize                                  = 34603008                                  {product} {ergonomic}
    uintx NonNMethodCodeHeapSize                   = 5839372                                {pd product} {ergonomic}
    uintx NonProfiledCodeHeapSize                  = 122909434                              {pd product} {ergonomic}
   size_t OldSize                                  = 70254592                                  {product} {ergonomic}
    uintx ProfiledCodeHeapSize                     = 122909434                              {pd product} {ergonomic}
    uintx ReservedCodeCacheSize                    = 251658240                              {pd product} {ergonomic}
     bool SegmentedCodeCache                       = true                                      {product} {ergonomic}
   size_t SoftMaxHeapSize                          = 2147483648                             {manageable} {ergonomic}
     bool UseCompressedOops                        = true                           {product lp64_product} {ergonomic}
     bool UseLargePagesIndividualAllocation        = false                                  {pd product} {ergonomic}
     bool UseParallelGC                            = true                                      {product} {command line}

Logging:
Log output configuration:
 #0: stdout all=off uptime,level,tags foldmultilines=false
 #1: stderr all=off uptime,level,tags foldmultilines=false

Release file:
JAVA_VERSION="21.0.10" 
MODULES="java.base java.compiler java.datatransfer java.xml java.prefs java.desktop java.instrument java.logging java.management java.security.sasl java.naming java.rmi java.management.rmi java.net.http java.scripting java.security.jgss java.transaction.xa java.sql java.sql.rowset java.xml.crypto java.se java.smartcardio jdk.accessibility jdk.internal.jvmstat jdk.attach jdk.charsets jdk.internal.opt jdk.zipfs jdk.compiler jdk.crypto.ec jdk.crypto.cryptoki jdk.crypto.mscapi jdk.dynalink jdk.internal.ed jdk.editpad jdk.hotspot.agent jdk.httpserver jdk.internal.le jdk.internal.vm.ci jdk.internal.vm.compiler jdk.internal.vm.compiler.management jdk.jartool jdk.javadoc jdk.jcmd jdk.management jdk.management.agent jdk.jconsole jdk.jdeps jdk.jdwp.agent jdk.jdi jdk.jfr jdk.jshell jdk.jsobject jdk.jstatd jdk.localedata jdk.management.jfr jdk.naming.dns jdk.naming.rmi jdk.net jdk.nio.mapmode jdk.random jdk.sctp jdk.security.auth jdk.security.jgss jdk.unsupported jdk.unsupported.desktop jdk.xml.dom" 

Environment Variables:
JAVA_HOME=C:\Program Files\Eclipse Adoptium\jdk-23.0.2.7-hotspot
PATH=C:\Users\Admin\AppData\Local\Programs\Microsoft VS Code;C:\Program Files\Eclipse Adoptium\jdk-23.0.2.7-hotspot\bin;C:\Program Files (x86)\Common Files\Oracle\Java\java8path;C:\Program Files (x86)\Common Files\Oracle\Java\javapath;C:\Windows\system32;C:\Windows;C:\Windows\System32\Wbem;C:\Windows\System32\WindowsPowerShell\v1.0\;C:\Windows\System32\OpenSSH\;C:\Program Files (x86)\Microsoft SQL Server\160\Tools\Binn\;C:\Program Files\Microsoft SQL Server\160\Tools\Binn\;C:\Program Files\Microsoft SQL Server\Client SDK\ODBC\170\Tools\Binn\;C:\Program Files\Microsoft SQL Server\160\DTS\Binn\;C:\Program Files\Git\cmd;C:\Program Files\MySQL\MySQL Server 8.0\bin;C:\Program Files\dotnet\;C:\Program Files (x86)\NVIDIA Corporation\PhysX\Common;C:\Windows\system32\config\systemprofile\AppData\Local\Muse Hub\lib;C:\Program Files\Cloudflare\Cloudflare WARP\;C:\Program Files\MySQL\MySQL Shell 8.0\bin\;C:\Users\Admin\AppData\Local\Programs\Python\Python313\Scripts\;C:\Users\Admin\AppData\Local\Programs\Python\Python313\;C:\Users\Admin\AppData\Local\Microsoft\WindowsApps;C:\Users\Admin\AppData\Local\Programs\Microsoft VS Code\bin;C:\Users\Admin\AppData\Local\GitHubDesktop\bin;C:\Users\Admin\AppData\Local\Muse Hub\lib
USERNAME=Admin
OS=Windows_NT
PROCESSOR_IDENTIFIER=Intel64 Family 6 Model 158 Stepping 13, GenuineIntel
TMP=C:\Users\Admin\AppData\Local\Temp
TEMP=C:\Users\Admin\AppData\Local\Temp




Periodic native trim disabled

---------------  S Y S T E M  ---------------

OS:
 Windows 10 , 64 bit Build 19041 (10.0.19041.928)
OS uptime: 11 days 1:57 hours

CPU: total 8 (initial active 8) (4 cores per cpu, 2 threads per core) family 6 model 158 stepping 13 microcode 0xec, cx8, cmov, fxsr, ht, mmx, 3dnowpref, sse, sse2, sse3, ssse3, sse4.1, sse4.2, popcnt, lzcnt, tsc, tscinvbit, avx, avx2, aes, erms, clmul, bmi1, bmi2, adx, fma, vzeroupper, clflush, clflushopt, rdtscp, f16c
Processor Information for the first 8 processors :
  Max Mhz: 2496, Current Mhz: 2496, Mhz Limit: 2496

Memory: 4k page, system-wide physical 16166M (958M free)
TotalPageFile size 25643M (AvailPageFile size 2M)
current process WorkingSet (physical memory assigned to process): 1005M, peak: 1012M
current process commit charge ("private bytes"): 931M, peak: 944M

vm_info: OpenJDK 64-Bit Server VM (21.0.10+7-LTS) for windows-amd64 JRE (21.0.10+7-LTS), built on 2026-01-20T00:00:00Z by "admin" with MS VC++ 17.12 (VS2022)

END.
